------------------------------------------------------------
Timing Analyzer Summary
------------------------------------------------------------

Type  : Slow 1200mV 85C Model Setup 'MAX10_CLK1_50'
Slack : 12.239
TNS   : 0.000

Type  : Slow 1200mV 85C Model Setup 'u0|video_pll_0|video_pll|PLL_for_DE_Series_Boards|auto_generated|pll1|clk[1]'
Slack : 13.086
TNS   : 0.000

Type  : Slow 1200mV 85C Model Hold 'u0|video_pll_0|video_pll|PLL_for_DE_Series_Boards|auto_generated|pll1|clk[1]'
Slack : 0.413
TNS   : 0.000

Type  : Slow 1200mV 85C Model Hold 'MAX10_CLK1_50'
Slack : 0.423
TNS   : 0.000

Type  : Slow 1200mV 85C Model Minimum Pulse Width 'MAX10_CLK1_50'
Slack : 9.499
TNS   : 0.000

Type  : Slow 1200mV 85C Model Minimum Pulse Width 'MAX10_CLK2_50'
Slack : 16.000
TNS   : 0.000

Type  : Slow 1200mV 85C Model Minimum Pulse Width 'u0|video_pll_0|video_pll|PLL_for_DE_Series_Boards|auto_generated|pll1|clk[1]'
Slack : 19.718
TNS   : 0.000

Type  : Slow 1200mV 85C Model Minimum Pulse Width 'ADC_CLK_10'
Slack : 96.000
TNS   : 0.000

Type  : Slow 1200mV 0C Model Setup 'MAX10_CLK1_50'
Slack : 12.373
TNS   : 0.000

Type  : Slow 1200mV 0C Model Setup 'u0|video_pll_0|video_pll|PLL_for_DE_Series_Boards|auto_generated|pll1|clk[1]'
Slack : 13.878
TNS   : 0.000

Type  : Slow 1200mV 0C Model Hold 'u0|video_pll_0|video_pll|PLL_for_DE_Series_Boards|auto_generated|pll1|clk[1]'
Slack : 0.333
TNS   : 0.000

Type  : Slow 1200mV 0C Model Hold 'MAX10_CLK1_50'
Slack : 0.390
TNS   : 0.000

Type  : Slow 1200mV 0C Model Minimum Pulse Width 'MAX10_CLK1_50'
Slack : 9.518
TNS   : 0.000

Type  : Slow 1200mV 0C Model Minimum Pulse Width 'MAX10_CLK2_50'
Slack : 16.000
TNS   : 0.000

Type  : Slow 1200mV 0C Model Minimum Pulse Width 'u0|video_pll_0|video_pll|PLL_for_DE_Series_Boards|auto_generated|pll1|clk[1]'
Slack : 19.708
TNS   : 0.000

Type  : Slow 1200mV 0C Model Minimum Pulse Width 'ADC_CLK_10'
Slack : 96.000
TNS   : 0.000

Type  : Fast 1200mV 0C Model Setup 'MAX10_CLK1_50'
Slack : 16.091
TNS   : 0.000

Type  : Fast 1200mV 0C Model Setup 'u0|video_pll_0|video_pll|PLL_for_DE_Series_Boards|auto_generated|pll1|clk[1]'
Slack : 16.895
TNS   : 0.000

Type  : Fast 1200mV 0C Model Hold 'MAX10_CLK1_50'
Slack : 0.159
TNS   : 0.000

Type  : Fast 1200mV 0C Model Hold 'u0|video_pll_0|video_pll|PLL_for_DE_Series_Boards|auto_generated|pll1|clk[1]'
Slack : 0.207
TNS   : 0.000

Type  : Fast 1200mV 0C Model Minimum Pulse Width 'MAX10_CLK1_50'
Slack : 9.263
TNS   : 0.000

Type  : Fast 1200mV 0C Model Minimum Pulse Width 'MAX10_CLK2_50'
Slack : 16.000
TNS   : 0.000

Type  : Fast 1200mV 0C Model Minimum Pulse Width 'u0|video_pll_0|video_pll|PLL_for_DE_Series_Boards|auto_generated|pll1|clk[1]'
Slack : 19.795
TNS   : 0.000

Type  : Fast 1200mV 0C Model Minimum Pulse Width 'ADC_CLK_10'
Slack : 96.000
TNS   : 0.000

------------------------------------------------------------
