Partition Merge report for DE10_LITE
Sat May 02 08:26:15 2020
Quartus Prime Version 19.1.0 Build 670 09/22/2019 SJ Lite Edition


---------------------
; Table of Contents ;
---------------------
  1. Legal Notice
  2. Partition Merge Summary
  3. Partition Merge Netlist Types Used
  4. Partition Merge Partition Statistics
  5. Partition Merge Partition Pin Processing
  6. Partition Merge Resource Usage Summary
  7. Partition Merge RAM Summary
  8. Partition Merge Messages



----------------
; Legal Notice ;
----------------
Copyright (C) 2019  Intel Corporation. All rights reserved.
Your use of Intel Corporation's design tools, logic functions 
and other software and tools, and any partner logic 
functions, and any output files from any of the foregoing 
(including device programming or simulation files), and any 
associated documentation or information are expressly subject 
to the terms and conditions of the Intel Program License 
Subscription Agreement, the Intel Quartus Prime License Agreement,
the Intel FPGA IP License Agreement, or other applicable license
agreement, including, without limitation, that your use is for
the sole purpose of programming logic devices manufactured by
Intel and sold by Intel or its authorized distributors.  Please
refer to the applicable agreement for further details, at
https://fpgasoftware.intel.com/eula.



+----------------------------------------------------------------------------------+
; Partition Merge Summary                                                          ;
+------------------------------------+---------------------------------------------+
; Partition Merge Status             ; Successful - Sat May 02 08:26:15 2020       ;
; Quartus Prime Version              ; 19.1.0 Build 670 09/22/2019 SJ Lite Edition ;
; Revision Name                      ; DE10_LITE                                   ;
; Top-level Entity Name              ; DE10_LITE                                   ;
; Family                             ; MAX 10                                      ;
; Total logic elements               ; 159                                         ;
;     Total combinational functions  ; 159                                         ;
;     Dedicated logic registers      ; 49                                          ;
; Total registers                    ; 49                                          ;
; Total pins                         ; 126                                         ;
; Total virtual pins                 ; 0                                           ;
; Total memory bits                  ; 98,304                                      ;
; Embedded Multiplier 9-bit elements ; 0                                           ;
; Total PLLs                         ; 1                                           ;
; UFM blocks                         ; 0                                           ;
; ADC blocks                         ; 0                                           ;
+------------------------------------+---------------------------------------------+


+-------------------------------------------------------------------------------------------------------------------------------+
; Partition Merge Netlist Types Used                                                                                            ;
+--------------------------------+----------------+-------------------+------------------------+--------------------------------+
; Partition Name                 ; Partition Type ; Netlist Type Used ; Netlist Type Requested ; Partition Contents             ;
+--------------------------------+----------------+-------------------+------------------------+--------------------------------+
; Top                            ; User-created   ; Source File       ; Source File            ;                                ;
; hard_block:auto_generated_inst ; Auto-generated ; Source File       ; Source File            ; hard_block:auto_generated_inst ;
+--------------------------------+----------------+-------------------+------------------------+--------------------------------+


+--------------------------------------------------------------------------------------+
; Partition Merge Partition Statistics                                                 ;
+---------------------------------------------+-------+--------------------------------+
; Statistic                                   ; Top   ; hard_block:auto_generated_inst ;
+---------------------------------------------+-------+--------------------------------+
; Estimated Total logic elements              ; 159   ; 0                              ;
;                                             ;       ;                                ;
; Total combinational functions               ; 159   ; 0                              ;
; Logic element usage by number of LUT inputs ;       ;                                ;
;     -- 4 input functions                    ; 80    ; 0                              ;
;     -- 3 input functions                    ; 27    ; 0                              ;
;     -- <=2 input functions                  ; 52    ; 0                              ;
;                                             ;       ;                                ;
; Logic elements by mode                      ;       ;                                ;
;     -- normal mode                          ; 126   ; 0                              ;
;     -- arithmetic mode                      ; 33    ; 0                              ;
;                                             ;       ;                                ;
; Total registers                             ; 49    ; 0                              ;
;     -- Dedicated logic registers            ; 49    ; 0                              ;
;     -- I/O registers                        ; 0     ; 0                              ;
;                                             ;       ;                                ;
; Virtual pins                                ; 0     ; 0                              ;
; I/O pins                                    ; 126   ; 0                              ;
; Embedded Multiplier 9-bit elements          ; 0     ; 0                              ;
; Total memory bits                           ; 98304 ; 0                              ;
; Total RAM block bits                        ; 0     ; 0                              ;
; PLL                                         ; 0     ; 1                              ;
;                                             ;       ;                                ;
; Connections                                 ;       ;                                ;
;     -- Input Connections                    ; 54    ; 1                              ;
;     -- Registered Input Connections         ; 38    ; 0                              ;
;     -- Output Connections                   ; 17    ; 38                             ;
;     -- Registered Output Connections        ; 0     ; 0                              ;
;                                             ;       ;                                ;
; Internal Connections                        ;       ;                                ;
;     -- Total Connections                    ; 1334  ; 40                             ;
;     -- Registered Connections               ; 646   ; 0                              ;
;                                             ;       ;                                ;
; External Connections                        ;       ;                                ;
;     -- Top                                  ; 32    ; 39                             ;
;     -- hard_block:auto_generated_inst       ; 39    ; 0                              ;
;                                             ;       ;                                ;
; Partition Interface                         ;       ;                                ;
;     -- Input Ports                          ; 15    ; 1                              ;
;     -- Output Ports                         ; 95    ; 1                              ;
;     -- Bidir Ports                          ; 16    ; 0                              ;
;                                             ;       ;                                ;
; Registered Ports                            ;       ;                                ;
;     -- Registered Input Ports               ; 0     ; 0                              ;
;     -- Registered Output Ports              ; 0     ; 0                              ;
;                                             ;       ;                                ;
; Port Connectivity                           ;       ;                                ;
;     -- Input Ports driven by GND            ; 0     ; 0                              ;
;     -- Output Ports driven by GND           ; 0     ; 0                              ;
;     -- Input Ports driven by VCC            ; 0     ; 0                              ;
;     -- Output Ports driven by VCC           ; 0     ; 0                              ;
;     -- Input Ports with no Source           ; 0     ; 0                              ;
;     -- Output Ports with no Source          ; 0     ; 0                              ;
;     -- Input Ports with no Fanout           ; 0     ; 0                              ;
;     -- Output Ports with no Fanout          ; 0     ; 0                              ;
+---------------------------------------------+-------+--------------------------------+
Note: Resource usage numbers presented for Partitions containing post-synthesis logic are estimates.  For Partitions containing post-fit logic, resource usage numbers are accurate based on previous placement information.  Actual Fitter results may vary depending on current Fitter Preservation Level assignments.


+-----------------------------------------------------------------------------------------------------------------+
; Partition Merge Partition Pin Processing                                                                        ;
+-----------------------------+-----------+---------------+----------+--------------------------------------------+
; Name                        ; Partition ; Type          ; Location ; Status                                     ;
+-----------------------------+-----------+---------------+----------+--------------------------------------------+
; ADC_CLK_10                  ; Top       ; Input Port    ; n/a      ;                                            ;
;     -- ADC_CLK_10           ; Top       ; Input Pad     ; Unplaced ; Synthesized                                ;
;     -- ADC_CLK_10~input     ; Top       ; Input Buffer  ; Unplaced ; Synthesized                                ;
;                             ;           ;               ;          ;                                            ;
; DRAM_ADDR[0]                ; Top       ; Output Port   ; n/a      ;                                            ;
;     -- DRAM_ADDR[0]         ; Top       ; Output Pad    ; Unplaced ; Synthesized                                ;
;     -- DRAM_ADDR[0]~output  ; Top       ; Output Buffer ; Unplaced ; Synthesized                                ;
;                             ;           ;               ;          ;                                            ;
; DRAM_ADDR[10]               ; Top       ; Output Port   ; n/a      ;                                            ;
;     -- DRAM_ADDR[10]        ; Top       ; Output Pad    ; Unplaced ; Synthesized                                ;
;     -- DRAM_ADDR[10]~output ; Top       ; Output Buffer ; Unplaced ; Synthesized                                ;
;                             ;           ;               ;          ;                                            ;
; DRAM_ADDR[11]               ; Top       ; Output Port   ; n/a      ;                                            ;
;     -- DRAM_ADDR[11]        ; Top       ; Output Pad    ; Unplaced ; Synthesized                                ;
;     -- DRAM_ADDR[11]~output ; Top       ; Output Buffer ; Unplaced ; Synthesized                                ;
;                             ;           ;               ;          ;                                            ;
; DRAM_ADDR[12]               ; Top       ; Output Port   ; n/a      ;                                            ;
;     -- DRAM_ADDR[12]        ; Top       ; Output Pad    ; Unplaced ; Synthesized                                ;
;     -- DRAM_ADDR[12]~output ; Top       ; Output Buffer ; Unplaced ; Synthesized                                ;
;                             ;           ;               ;          ;                                            ;
; DRAM_ADDR[1]                ; Top       ; Output Port   ; n/a      ;                                            ;
;     -- DRAM_ADDR[1]         ; Top       ; Output Pad    ; Unplaced ; Synthesized                                ;
;     -- DRAM_ADDR[1]~output  ; Top       ; Output Buffer ; Unplaced ; Synthesized                                ;
;                             ;           ;               ;          ;                                            ;
; DRAM_ADDR[2]                ; Top       ; Output Port   ; n/a      ;                                            ;
;     -- DRAM_ADDR[2]         ; Top       ; Output Pad    ; Unplaced ; Synthesized                                ;
;     -- DRAM_ADDR[2]~output  ; Top       ; Output Buffer ; Unplaced ; Synthesized                                ;
;                             ;           ;               ;          ;                                            ;
; DRAM_ADDR[3]                ; Top       ; Output Port   ; n/a      ;                                            ;
;     -- DRAM_ADDR[3]         ; Top       ; Output Pad    ; Unplaced ; Synthesized                                ;
;     -- DRAM_ADDR[3]~output  ; Top       ; Output Buffer ; Unplaced ; Synthesized                                ;
;                             ;           ;               ;          ;                                            ;
; DRAM_ADDR[4]                ; Top       ; Output Port   ; n/a      ;                                            ;
;     -- DRAM_ADDR[4]         ; Top       ; Output Pad    ; Unplaced ; Synthesized                                ;
;     -- DRAM_ADDR[4]~output  ; Top       ; Output Buffer ; Unplaced ; Synthesized                                ;
;                             ;           ;               ;          ;                                            ;
; DRAM_ADDR[5]                ; Top       ; Output Port   ; n/a      ;                                            ;
;     -- DRAM_ADDR[5]         ; Top       ; Output Pad    ; Unplaced ; Synthesized                                ;
;     -- DRAM_ADDR[5]~output  ; Top       ; Output Buffer ; Unplaced ; Synthesized                                ;
;                             ;           ;               ;          ;                                            ;
; DRAM_ADDR[6]                ; Top       ; Output Port   ; n/a      ;                                            ;
;     -- DRAM_ADDR[6]         ; Top       ; Output Pad    ; Unplaced ; Synthesized                                ;
;     -- DRAM_ADDR[6]~output  ; Top       ; Output Buffer ; Unplaced ; Synthesized                                ;
;                             ;           ;               ;          ;                                            ;
; DRAM_ADDR[7]                ; Top       ; Output Port   ; n/a      ;                                            ;
;     -- DRAM_ADDR[7]         ; Top       ; Output Pad    ; Unplaced ; Synthesized                                ;
;     -- DRAM_ADDR[7]~output  ; Top       ; Output Buffer ; Unplaced ; Synthesized                                ;
;                             ;           ;               ;          ;                                            ;
; DRAM_ADDR[8]                ; Top       ; Output Port   ; n/a      ;                                            ;
;     -- DRAM_ADDR[8]         ; Top       ; Output Pad    ; Unplaced ; Synthesized                                ;
;     -- DRAM_ADDR[8]~output  ; Top       ; Output Buffer ; Unplaced ; Synthesized                                ;
;                             ;           ;               ;          ;                                            ;
; DRAM_ADDR[9]                ; Top       ; Output Port   ; n/a      ;                                            ;
;     -- DRAM_ADDR[9]         ; Top       ; Output Pad    ; Unplaced ; Synthesized                                ;
;     -- DRAM_ADDR[9]~output  ; Top       ; Output Buffer ; Unplaced ; Synthesized                                ;
;                             ;           ;               ;          ;                                            ;
; DRAM_BA[0]                  ; Top       ; Output Port   ; n/a      ;                                            ;
;     -- DRAM_BA[0]           ; Top       ; Output Pad    ; Unplaced ; Synthesized                                ;
;     -- DRAM_BA[0]~output    ; Top       ; Output Buffer ; Unplaced ; Synthesized                                ;
;                             ;           ;               ;          ;                                            ;
; DRAM_BA[1]                  ; Top       ; Output Port   ; n/a      ;                                            ;
;     -- DRAM_BA[1]           ; Top       ; Output Pad    ; Unplaced ; Synthesized                                ;
;     -- DRAM_BA[1]~output    ; Top       ; Output Buffer ; Unplaced ; Synthesized                                ;
;                             ;           ;               ;          ;                                            ;
; DRAM_CAS_N                  ; Top       ; Output Port   ; n/a      ;                                            ;
;     -- DRAM_CAS_N           ; Top       ; Output Pad    ; Unplaced ; Synthesized                                ;
;     -- DRAM_CAS_N~output    ; Top       ; Output Buffer ; Unplaced ; Synthesized                                ;
;                             ;           ;               ;          ;                                            ;
; DRAM_CKE                    ; Top       ; Output Port   ; n/a      ;                                            ;
;     -- DRAM_CKE             ; Top       ; Output Pad    ; Unplaced ; Synthesized                                ;
;     -- DRAM_CKE~output      ; Top       ; Output Buffer ; Unplaced ; Synthesized                                ;
;                             ;           ;               ;          ;                                            ;
; DRAM_CLK                    ; Top       ; Output Port   ; n/a      ;                                            ;
;     -- DRAM_CLK             ; Top       ; Output Pad    ; Unplaced ; Synthesized                                ;
;     -- DRAM_CLK~output      ; Top       ; Output Buffer ; Unplaced ; Synthesized                                ;
;                             ;           ;               ;          ;                                            ;
; DRAM_CS_N                   ; Top       ; Output Port   ; n/a      ;                                            ;
;     -- DRAM_CS_N            ; Top       ; Output Pad    ; Unplaced ; Synthesized                                ;
;     -- DRAM_CS_N~output     ; Top       ; Output Buffer ; Unplaced ; Synthesized                                ;
;                             ;           ;               ;          ;                                            ;
; DRAM_DQ[0]                  ; Top       ; Bidir Port    ; n/a      ;                                            ;
;     -- DRAM_DQ[0]           ; Top       ; Bidir Pad     ; Unplaced ; Synthesized                                ;
;     -- DRAM_DQ[0]~output    ; Top       ; Output Buffer ; Unplaced ; Preserved from Synthesis Netlist (WYSIWYG) ;
;                             ;           ;               ;          ;                                            ;
; DRAM_DQ[10]                 ; Top       ; Bidir Port    ; n/a      ;                                            ;
;     -- DRAM_DQ[10]          ; Top       ; Bidir Pad     ; Unplaced ; Synthesized                                ;
;     -- DRAM_DQ[10]~output   ; Top       ; Output Buffer ; Unplaced ; Preserved from Synthesis Netlist (WYSIWYG) ;
;                             ;           ;               ;          ;                                            ;
; DRAM_DQ[11]                 ; Top       ; Bidir Port    ; n/a      ;                                            ;
;     -- DRAM_DQ[11]          ; Top       ; Bidir Pad     ; Unplaced ; Synthesized                                ;
;     -- DRAM_DQ[11]~output   ; Top       ; Output Buffer ; Unplaced ; Preserved from Synthesis Netlist (WYSIWYG) ;
;                             ;           ;               ;          ;                                            ;
; DRAM_DQ[12]                 ; Top       ; Bidir Port    ; n/a      ;                                            ;
;     -- DRAM_DQ[12]          ; Top       ; Bidir Pad     ; Unplaced ; Synthesized                                ;
;     -- DRAM_DQ[12]~output   ; Top       ; Output Buffer ; Unplaced ; Preserved from Synthesis Netlist (WYSIWYG) ;
;                             ;           ;               ;          ;                                            ;
; DRAM_DQ[13]                 ; Top       ; Bidir Port    ; n/a      ;                                            ;
;     -- DRAM_DQ[13]          ; Top       ; Bidir Pad     ; Unplaced ; Synthesized                                ;
;     -- DRAM_DQ[13]~output   ; Top       ; Output Buffer ; Unplaced ; Preserved from Synthesis Netlist (WYSIWYG) ;
;                             ;           ;               ;          ;                                            ;
; DRAM_DQ[14]                 ; Top       ; Bidir Port    ; n/a      ;                                            ;
;     -- DRAM_DQ[14]          ; Top       ; Bidir Pad     ; Unplaced ; Synthesized                                ;
;     -- DRAM_DQ[14]~output   ; Top       ; Output Buffer ; Unplaced ; Preserved from Synthesis Netlist (WYSIWYG) ;
;                             ;           ;               ;          ;                                            ;
; DRAM_DQ[15]                 ; Top       ; Bidir Port    ; n/a      ;                                            ;
;     -- DRAM_DQ[15]          ; Top       ; Bidir Pad     ; Unplaced ; Synthesized                                ;
;     -- DRAM_DQ[15]~output   ; Top       ; Output Buffer ; Unplaced ; Preserved from Synthesis Netlist (WYSIWYG) ;
;                             ;           ;               ;          ;                                            ;
; DRAM_DQ[1]                  ; Top       ; Bidir Port    ; n/a      ;                                            ;
;     -- DRAM_DQ[1]           ; Top       ; Bidir Pad     ; Unplaced ; Synthesized                                ;
;     -- DRAM_DQ[1]~output    ; Top       ; Output Buffer ; Unplaced ; Preserved from Synthesis Netlist (WYSIWYG) ;
;                             ;           ;               ;          ;                                            ;
; DRAM_DQ[2]                  ; Top       ; Bidir Port    ; n/a      ;                                            ;
;     -- DRAM_DQ[2]           ; Top       ; Bidir Pad     ; Unplaced ; Synthesized                                ;
;     -- DRAM_DQ[2]~output    ; Top       ; Output Buffer ; Unplaced ; Preserved from Synthesis Netlist (WYSIWYG) ;
;                             ;           ;               ;          ;                                            ;
; DRAM_DQ[3]                  ; Top       ; Bidir Port    ; n/a      ;                                            ;
;     -- DRAM_DQ[3]           ; Top       ; Bidir Pad     ; Unplaced ; Synthesized                                ;
;     -- DRAM_DQ[3]~output    ; Top       ; Output Buffer ; Unplaced ; Preserved from Synthesis Netlist (WYSIWYG) ;
;                             ;           ;               ;          ;                                            ;
; DRAM_DQ[4]                  ; Top       ; Bidir Port    ; n/a      ;                                            ;
;     -- DRAM_DQ[4]           ; Top       ; Bidir Pad     ; Unplaced ; Synthesized                                ;
;     -- DRAM_DQ[4]~output    ; Top       ; Output Buffer ; Unplaced ; Preserved from Synthesis Netlist (WYSIWYG) ;
;                             ;           ;               ;          ;                                            ;
; DRAM_DQ[5]                  ; Top       ; Bidir Port    ; n/a      ;                                            ;
;     -- DRAM_DQ[5]           ; Top       ; Bidir Pad     ; Unplaced ; Synthesized                                ;
;     -- DRAM_DQ[5]~output    ; Top       ; Output Buffer ; Unplaced ; Preserved from Synthesis Netlist (WYSIWYG) ;
;                             ;           ;               ;          ;                                            ;
; DRAM_DQ[6]                  ; Top       ; Bidir Port    ; n/a      ;                                            ;
;     -- DRAM_DQ[6]           ; Top       ; Bidir Pad     ; Unplaced ; Synthesized                                ;
;     -- DRAM_DQ[6]~output    ; Top       ; Output Buffer ; Unplaced ; Preserved from Synthesis Netlist (WYSIWYG) ;
;                             ;           ;               ;          ;                                            ;
; DRAM_DQ[7]                  ; Top       ; Bidir Port    ; n/a      ;                                            ;
;     -- DRAM_DQ[7]           ; Top       ; Bidir Pad     ; Unplaced ; Synthesized                                ;
;     -- DRAM_DQ[7]~output    ; Top       ; Output Buffer ; Unplaced ; Preserved from Synthesis Netlist (WYSIWYG) ;
;                             ;           ;               ;          ;                                            ;
; DRAM_DQ[8]                  ; Top       ; Bidir Port    ; n/a      ;                                            ;
;     -- DRAM_DQ[8]           ; Top       ; Bidir Pad     ; Unplaced ; Synthesized                                ;
;     -- DRAM_DQ[8]~output    ; Top       ; Output Buffer ; Unplaced ; Preserved from Synthesis Netlist (WYSIWYG) ;
;                             ;           ;               ;          ;                                            ;
; DRAM_DQ[9]                  ; Top       ; Bidir Port    ; n/a      ;                                            ;
;     -- DRAM_DQ[9]           ; Top       ; Bidir Pad     ; Unplaced ; Synthesized                                ;
;     -- DRAM_DQ[9]~output    ; Top       ; Output Buffer ; Unplaced ; Preserved from Synthesis Netlist (WYSIWYG) ;
;                             ;           ;               ;          ;                                            ;
; DRAM_LDQM                   ; Top       ; Output Port   ; n/a      ;                                            ;
;     -- DRAM_LDQM            ; Top       ; Output Pad    ; Unplaced ; Synthesized                                ;
;     -- DRAM_LDQM~output     ; Top       ; Output Buffer ; Unplaced ; Synthesized                                ;
;                             ;           ;               ;          ;                                            ;
; DRAM_RAS_N                  ; Top       ; Output Port   ; n/a      ;                                            ;
;     -- DRAM_RAS_N           ; Top       ; Output Pad    ; Unplaced ; Synthesized                                ;
;     -- DRAM_RAS_N~output    ; Top       ; Output Buffer ; Unplaced ; Synthesized                                ;
;                             ;           ;               ;          ;                                            ;
; DRAM_UDQM                   ; Top       ; Output Port   ; n/a      ;                                            ;
;     -- DRAM_UDQM            ; Top       ; Output Pad    ; Unplaced ; Synthesized                                ;
;     -- DRAM_UDQM~output     ; Top       ; Output Buffer ; Unplaced ; Synthesized                                ;
;                             ;           ;               ;          ;                                            ;
; DRAM_WE_N                   ; Top       ; Output Port   ; n/a      ;                                            ;
;     -- DRAM_WE_N            ; Top       ; Output Pad    ; Unplaced ; Synthesized                                ;
;     -- DRAM_WE_N~output     ; Top       ; Output Buffer ; Unplaced ; Synthesized                                ;
;                             ;           ;               ;          ;                                            ;
; HEX0[0]                     ; Top       ; Output Port   ; n/a      ;                                            ;
;     -- HEX0[0]              ; Top       ; Output Pad    ; Unplaced ; Synthesized                                ;
;     -- HEX0[0]~output       ; Top       ; Output Buffer ; Unplaced ; Synthesized                                ;
;                             ;           ;               ;          ;                                            ;
; HEX0[1]                     ; Top       ; Output Port   ; n/a      ;                                            ;
;     -- HEX0[1]              ; Top       ; Output Pad    ; Unplaced ; Synthesized                                ;
;     -- HEX0[1]~output       ; Top       ; Output Buffer ; Unplaced ; Synthesized                                ;
;                             ;           ;               ;          ;                                            ;
; HEX0[2]                     ; Top       ; Output Port   ; n/a      ;                                            ;
;     -- HEX0[2]              ; Top       ; Output Pad    ; Unplaced ; Synthesized                                ;
;     -- HEX0[2]~output       ; Top       ; Output Buffer ; Unplaced ; Synthesized                                ;
;                             ;           ;               ;          ;                                            ;
; HEX0[3]                     ; Top       ; Output Port   ; n/a      ;                                            ;
;     -- HEX0[3]              ; Top       ; Output Pad    ; Unplaced ; Synthesized                                ;
;     -- HEX0[3]~output       ; Top       ; Output Buffer ; Unplaced ; Synthesized                                ;
;                             ;           ;               ;          ;                                            ;
; HEX0[4]                     ; Top       ; Output Port   ; n/a      ;                                            ;
;     -- HEX0[4]              ; Top       ; Output Pad    ; Unplaced ; Synthesized                                ;
;     -- HEX0[4]~output       ; Top       ; Output Buffer ; Unplaced ; Synthesized                                ;
;                             ;           ;               ;          ;                                            ;
; HEX0[5]                     ; Top       ; Output Port   ; n/a      ;                                            ;
;     -- HEX0[5]              ; Top       ; Output Pad    ; Unplaced ; Synthesized                                ;
;     -- HEX0[5]~output       ; Top       ; Output Buffer ; Unplaced ; Synthesized                                ;
;                             ;           ;               ;          ;                                            ;
; HEX0[6]                     ; Top       ; Output Port   ; n/a      ;                                            ;
;     -- HEX0[6]              ; Top       ; Output Pad    ; Unplaced ; Synthesized                                ;
;     -- HEX0[6]~output       ; Top       ; Output Buffer ; Unplaced ; Synthesized                                ;
;                             ;           ;               ;          ;                                            ;
; HEX0[7]                     ; Top       ; Output Port   ; n/a      ;                                            ;
;     -- HEX0[7]              ; Top       ; Output Pad    ; Unplaced ; Synthesized                                ;
;     -- HEX0[7]~output       ; Top       ; Output Buffer ; Unplaced ; Synthesized                                ;
;                             ;           ;               ;          ;                                            ;
; HEX1[0]                     ; Top       ; Output Port   ; n/a      ;                                            ;
;     -- HEX1[0]              ; Top       ; Output Pad    ; Unplaced ; Synthesized                                ;
;     -- HEX1[0]~output       ; Top       ; Output Buffer ; Unplaced ; Synthesized                                ;
;                             ;           ;               ;          ;                                            ;
; HEX1[1]                     ; Top       ; Output Port   ; n/a      ;                                            ;
;     -- HEX1[1]              ; Top       ; Output Pad    ; Unplaced ; Synthesized                                ;
;     -- HEX1[1]~output       ; Top       ; Output Buffer ; Unplaced ; Synthesized                                ;
;                             ;           ;               ;          ;                                            ;
; HEX1[2]                     ; Top       ; Output Port   ; n/a      ;                                            ;
;     -- HEX1[2]              ; Top       ; Output Pad    ; Unplaced ; Synthesized                                ;
;     -- HEX1[2]~output       ; Top       ; Output Buffer ; Unplaced ; Synthesized                                ;
;                             ;           ;               ;          ;                                            ;
; HEX1[3]                     ; Top       ; Output Port   ; n/a      ;                                            ;
;     -- HEX1[3]              ; Top       ; Output Pad    ; Unplaced ; Synthesized                                ;
;     -- HEX1[3]~output       ; Top       ; Output Buffer ; Unplaced ; Synthesized                                ;
;                             ;           ;               ;          ;                                            ;
; HEX1[4]                     ; Top       ; Output Port   ; n/a      ;                                            ;
;     -- HEX1[4]              ; Top       ; Output Pad    ; Unplaced ; Synthesized                                ;
;     -- HEX1[4]~output       ; Top       ; Output Buffer ; Unplaced ; Synthesized                                ;
;                             ;           ;               ;          ;                                            ;
; HEX1[5]                     ; Top       ; Output Port   ; n/a      ;                                            ;
;     -- HEX1[5]              ; Top       ; Output Pad    ; Unplaced ; Synthesized                                ;
;     -- HEX1[5]~output       ; Top       ; Output Buffer ; Unplaced ; Synthesized                                ;
;                             ;           ;               ;          ;                                            ;
; HEX1[6]                     ; Top       ; Output Port   ; n/a      ;                                            ;
;     -- HEX1[6]              ; Top       ; Output Pad    ; Unplaced ; Synthesized                                ;
;     -- HEX1[6]~output       ; Top       ; Output Buffer ; Unplaced ; Synthesized                                ;
;                             ;           ;               ;          ;                                            ;
; HEX1[7]                     ; Top       ; Output Port   ; n/a      ;                                            ;
;     -- HEX1[7]              ; Top       ; Output Pad    ; Unplaced ; Synthesized                                ;
;     -- HEX1[7]~output       ; Top       ; Output Buffer ; Unplaced ; Synthesized                                ;
;                             ;           ;               ;          ;                                            ;
; HEX2[0]                     ; Top       ; Output Port   ; n/a      ;                                            ;
;     -- HEX2[0]              ; Top       ; Output Pad    ; Unplaced ; Synthesized                                ;
;     -- HEX2[0]~output       ; Top       ; Output Buffer ; Unplaced ; Synthesized                                ;
;                             ;           ;               ;          ;                                            ;
; HEX2[1]                     ; Top       ; Output Port   ; n/a      ;                                            ;
;     -- HEX2[1]              ; Top       ; Output Pad    ; Unplaced ; Synthesized                                ;
;     -- HEX2[1]~output       ; Top       ; Output Buffer ; Unplaced ; Synthesized                                ;
;                             ;           ;               ;          ;                                            ;
; HEX2[2]                     ; Top       ; Output Port   ; n/a      ;                                            ;
;     -- HEX2[2]              ; Top       ; Output Pad    ; Unplaced ; Synthesized                                ;
;     -- HEX2[2]~output       ; Top       ; Output Buffer ; Unplaced ; Synthesized                                ;
;                             ;           ;               ;          ;                                            ;
; HEX2[3]                     ; Top       ; Output Port   ; n/a      ;                                            ;
;     -- HEX2[3]              ; Top       ; Output Pad    ; Unplaced ; Synthesized                                ;
;     -- HEX2[3]~output       ; Top       ; Output Buffer ; Unplaced ; Synthesized                                ;
;                             ;           ;               ;          ;                                            ;
; HEX2[4]                     ; Top       ; Output Port   ; n/a      ;                                            ;
;     -- HEX2[4]              ; Top       ; Output Pad    ; Unplaced ; Synthesized                                ;
;     -- HEX2[4]~output       ; Top       ; Output Buffer ; Unplaced ; Synthesized                                ;
;                             ;           ;               ;          ;                                            ;
; HEX2[5]                     ; Top       ; Output Port   ; n/a      ;                                            ;
;     -- HEX2[5]              ; Top       ; Output Pad    ; Unplaced ; Synthesized                                ;
;     -- HEX2[5]~output       ; Top       ; Output Buffer ; Unplaced ; Synthesized                                ;
;                             ;           ;               ;          ;                                            ;
; HEX2[6]                     ; Top       ; Output Port   ; n/a      ;                                            ;
;     -- HEX2[6]              ; Top       ; Output Pad    ; Unplaced ; Synthesized                                ;
;     -- HEX2[6]~output       ; Top       ; Output Buffer ; Unplaced ; Synthesized                                ;
;                             ;           ;               ;          ;                                            ;
; HEX2[7]                     ; Top       ; Output Port   ; n/a      ;                                            ;
;     -- HEX2[7]              ; Top       ; Output Pad    ; Unplaced ; Synthesized                                ;
;     -- HEX2[7]~output       ; Top       ; Output Buffer ; Unplaced ; Synthesized                                ;
;                             ;           ;               ;          ;                                            ;
; HEX3[0]                     ; Top       ; Output Port   ; n/a      ;                                            ;
;     -- HEX3[0]              ; Top       ; Output Pad    ; Unplaced ; Synthesized                                ;
;     -- HEX3[0]~output       ; Top       ; Output Buffer ; Unplaced ; Synthesized                                ;
;                             ;           ;               ;          ;                                            ;
; HEX3[1]                     ; Top       ; Output Port   ; n/a      ;                                            ;
;     -- HEX3[1]              ; Top       ; Output Pad    ; Unplaced ; Synthesized                                ;
;     -- HEX3[1]~output       ; Top       ; Output Buffer ; Unplaced ; Synthesized                                ;
;                             ;           ;               ;          ;                                            ;
; HEX3[2]                     ; Top       ; Output Port   ; n/a      ;                                            ;
;     -- HEX3[2]              ; Top       ; Output Pad    ; Unplaced ; Synthesized                                ;
;     -- HEX3[2]~output       ; Top       ; Output Buffer ; Unplaced ; Synthesized                                ;
;                             ;           ;               ;          ;                                            ;
; HEX3[3]                     ; Top       ; Output Port   ; n/a      ;                                            ;
;     -- HEX3[3]              ; Top       ; Output Pad    ; Unplaced ; Synthesized                                ;
;     -- HEX3[3]~output       ; Top       ; Output Buffer ; Unplaced ; Synthesized                                ;
;                             ;           ;               ;          ;                                            ;
; HEX3[4]                     ; Top       ; Output Port   ; n/a      ;                                            ;
;     -- HEX3[4]              ; Top       ; Output Pad    ; Unplaced ; Synthesized                                ;
;     -- HEX3[4]~output       ; Top       ; Output Buffer ; Unplaced ; Synthesized                                ;
;                             ;           ;               ;          ;                                            ;
; HEX3[5]                     ; Top       ; Output Port   ; n/a      ;                                            ;
;     -- HEX3[5]              ; Top       ; Output Pad    ; Unplaced ; Synthesized                                ;
;     -- HEX3[5]~output       ; Top       ; Output Buffer ; Unplaced ; Synthesized                                ;
;                             ;           ;               ;          ;                                            ;
; HEX3[6]                     ; Top       ; Output Port   ; n/a      ;                                            ;
;     -- HEX3[6]              ; Top       ; Output Pad    ; Unplaced ; Synthesized                                ;
;     -- HEX3[6]~output       ; Top       ; Output Buffer ; Unplaced ; Synthesized                                ;
;                             ;           ;               ;          ;                                            ;
; HEX3[7]                     ; Top       ; Output Port   ; n/a      ;                                            ;
;     -- HEX3[7]              ; Top       ; Output Pad    ; Unplaced ; Synthesized                                ;
;     -- HEX3[7]~output       ; Top       ; Output Buffer ; Unplaced ; Synthesized                                ;
;                             ;           ;               ;          ;                                            ;
; HEX4[0]                     ; Top       ; Output Port   ; n/a      ;                                            ;
;     -- HEX4[0]              ; Top       ; Output Pad    ; Unplaced ; Synthesized                                ;
;     -- HEX4[0]~output       ; Top       ; Output Buffer ; Unplaced ; Synthesized                                ;
;                             ;           ;               ;          ;                                            ;
; HEX4[1]                     ; Top       ; Output Port   ; n/a      ;                                            ;
;     -- HEX4[1]              ; Top       ; Output Pad    ; Unplaced ; Synthesized                                ;
;     -- HEX4[1]~output       ; Top       ; Output Buffer ; Unplaced ; Synthesized                                ;
;                             ;           ;               ;          ;                                            ;
; HEX4[2]                     ; Top       ; Output Port   ; n/a      ;                                            ;
;     -- HEX4[2]              ; Top       ; Output Pad    ; Unplaced ; Synthesized                                ;
;     -- HEX4[2]~output       ; Top       ; Output Buffer ; Unplaced ; Synthesized                                ;
;                             ;           ;               ;          ;                                            ;
; HEX4[3]                     ; Top       ; Output Port   ; n/a      ;                                            ;
;     -- HEX4[3]              ; Top       ; Output Pad    ; Unplaced ; Synthesized                                ;
;     -- HEX4[3]~output       ; Top       ; Output Buffer ; Unplaced ; Synthesized                                ;
;                             ;           ;               ;          ;                                            ;
; HEX4[4]                     ; Top       ; Output Port   ; n/a      ;                                            ;
;     -- HEX4[4]              ; Top       ; Output Pad    ; Unplaced ; Synthesized                                ;
;     -- HEX4[4]~output       ; Top       ; Output Buffer ; Unplaced ; Synthesized                                ;
;                             ;           ;               ;          ;                                            ;
; HEX4[5]                     ; Top       ; Output Port   ; n/a      ;                                            ;
;     -- HEX4[5]              ; Top       ; Output Pad    ; Unplaced ; Synthesized                                ;
;     -- HEX4[5]~output       ; Top       ; Output Buffer ; Unplaced ; Synthesized                                ;
;                             ;           ;               ;          ;                                            ;
; HEX4[6]                     ; Top       ; Output Port   ; n/a      ;                                            ;
;     -- HEX4[6]              ; Top       ; Output Pad    ; Unplaced ; Synthesized                                ;
;     -- HEX4[6]~output       ; Top       ; Output Buffer ; Unplaced ; Synthesized                                ;
;                             ;           ;               ;          ;                                            ;
; HEX4[7]                     ; Top       ; Output Port   ; n/a      ;                                            ;
;     -- HEX4[7]              ; Top       ; Output Pad    ; Unplaced ; Synthesized                                ;
;     -- HEX4[7]~output       ; Top       ; Output Buffer ; Unplaced ; Synthesized                                ;
;                             ;           ;               ;          ;                                            ;
; HEX5[0]                     ; Top       ; Output Port   ; n/a      ;                                            ;
;     -- HEX5[0]              ; Top       ; Output Pad    ; Unplaced ; Synthesized                                ;
;     -- HEX5[0]~output       ; Top       ; Output Buffer ; Unplaced ; Synthesized                                ;
;                             ;           ;               ;          ;                                            ;
; HEX5[1]                     ; Top       ; Output Port   ; n/a      ;                                            ;
;     -- HEX5[1]              ; Top       ; Output Pad    ; Unplaced ; Synthesized                                ;
;     -- HEX5[1]~output       ; Top       ; Output Buffer ; Unplaced ; Synthesized                                ;
;                             ;           ;               ;          ;                                            ;
; HEX5[2]                     ; Top       ; Output Port   ; n/a      ;                                            ;
;     -- HEX5[2]              ; Top       ; Output Pad    ; Unplaced ; Synthesized                                ;
;     -- HEX5[2]~output       ; Top       ; Output Buffer ; Unplaced ; Synthesized                                ;
;                             ;           ;               ;          ;                                            ;
; HEX5[3]                     ; Top       ; Output Port   ; n/a      ;                                            ;
;     -- HEX5[3]              ; Top       ; Output Pad    ; Unplaced ; Synthesized                                ;
;     -- HEX5[3]~output       ; Top       ; Output Buffer ; Unplaced ; Synthesized                                ;
;                             ;           ;               ;          ;                                            ;
; HEX5[4]                     ; Top       ; Output Port   ; n/a      ;                                            ;
;     -- HEX5[4]              ; Top       ; Output Pad    ; Unplaced ; Synthesized                                ;
;     -- HEX5[4]~output       ; Top       ; Output Buffer ; Unplaced ; Synthesized                                ;
;                             ;           ;               ;          ;                                            ;
; HEX5[5]                     ; Top       ; Output Port   ; n/a      ;                                            ;
;     -- HEX5[5]              ; Top       ; Output Pad    ; Unplaced ; Synthesized                                ;
;     -- HEX5[5]~output       ; Top       ; Output Buffer ; Unplaced ; Synthesized                                ;
;                             ;           ;               ;          ;                                            ;
; HEX5[6]                     ; Top       ; Output Port   ; n/a      ;                                            ;
;     -- HEX5[6]              ; Top       ; Output Pad    ; Unplaced ; Synthesized                                ;
;     -- HEX5[6]~output       ; Top       ; Output Buffer ; Unplaced ; Synthesized                                ;
;                             ;           ;               ;          ;                                            ;
; HEX5[7]                     ; Top       ; Output Port   ; n/a      ;                                            ;
;     -- HEX5[7]              ; Top       ; Output Pad    ; Unplaced ; Synthesized                                ;
;     -- HEX5[7]~output       ; Top       ; Output Buffer ; Unplaced ; Synthesized                                ;
;                             ;           ;               ;          ;                                            ;
; KEY[0]                      ; Top       ; Input Port    ; n/a      ;                                            ;
;     -- KEY[0]               ; Top       ; Input Pad     ; Unplaced ; Synthesized                                ;
;     -- KEY[0]~input         ; Top       ; Input Buffer  ; Unplaced ; Synthesized                                ;
;                             ;           ;               ;          ;                                            ;
; KEY[1]                      ; Top       ; Input Port    ; n/a      ;                                            ;
;     -- KEY[1]               ; Top       ; Input Pad     ; Unplaced ; Synthesized                                ;
;     -- KEY[1]~input         ; Top       ; Input Buffer  ; Unplaced ; Synthesized                                ;
;                             ;           ;               ;          ;                                            ;
; LEDR[0]                     ; Top       ; Output Port   ; n/a      ;                                            ;
;     -- LEDR[0]              ; Top       ; Output Pad    ; Unplaced ; Synthesized                                ;
;     -- LEDR[0]~output       ; Top       ; Output Buffer ; Unplaced ; Synthesized                                ;
;                             ;           ;               ;          ;                                            ;
; LEDR[1]                     ; Top       ; Output Port   ; n/a      ;                                            ;
;     -- LEDR[1]              ; Top       ; Output Pad    ; Unplaced ; Synthesized                                ;
;     -- LEDR[1]~output       ; Top       ; Output Buffer ; Unplaced ; Synthesized                                ;
;                             ;           ;               ;          ;                                            ;
; LEDR[2]                     ; Top       ; Output Port   ; n/a      ;                                            ;
;     -- LEDR[2]              ; Top       ; Output Pad    ; Unplaced ; Synthesized                                ;
;     -- LEDR[2]~output       ; Top       ; Output Buffer ; Unplaced ; Synthesized                                ;
;                             ;           ;               ;          ;                                            ;
; LEDR[3]                     ; Top       ; Output Port   ; n/a      ;                                            ;
;     -- LEDR[3]              ; Top       ; Output Pad    ; Unplaced ; Synthesized                                ;
;     -- LEDR[3]~output       ; Top       ; Output Buffer ; Unplaced ; Synthesized                                ;
;                             ;           ;               ;          ;                                            ;
; LEDR[4]                     ; Top       ; Output Port   ; n/a      ;                                            ;
;     -- LEDR[4]              ; Top       ; Output Pad    ; Unplaced ; Synthesized                                ;
;     -- LEDR[4]~output       ; Top       ; Output Buffer ; Unplaced ; Synthesized                                ;
;                             ;           ;               ;          ;                                            ;
; LEDR[5]                     ; Top       ; Output Port   ; n/a      ;                                            ;
;     -- LEDR[5]              ; Top       ; Output Pad    ; Unplaced ; Synthesized                                ;
;     -- LEDR[5]~output       ; Top       ; Output Buffer ; Unplaced ; Synthesized                                ;
;                             ;           ;               ;          ;                                            ;
; LEDR[6]                     ; Top       ; Output Port   ; n/a      ;                                            ;
;     -- LEDR[6]              ; Top       ; Output Pad    ; Unplaced ; Synthesized                                ;
;     -- LEDR[6]~output       ; Top       ; Output Buffer ; Unplaced ; Synthesized                                ;
;                             ;           ;               ;          ;                                            ;
; LEDR[7]                     ; Top       ; Output Port   ; n/a      ;                                            ;
;     -- LEDR[7]              ; Top       ; Output Pad    ; Unplaced ; Synthesized                                ;
;     -- LEDR[7]~output       ; Top       ; Output Buffer ; Unplaced ; Synthesized                                ;
;                             ;           ;               ;          ;                                            ;
; LEDR[8]                     ; Top       ; Output Port   ; n/a      ;                                            ;
;     -- LEDR[8]              ; Top       ; Output Pad    ; Unplaced ; Synthesized                                ;
;     -- LEDR[8]~output       ; Top       ; Output Buffer ; Unplaced ; Synthesized                                ;
;                             ;           ;               ;          ;                                            ;
; LEDR[9]                     ; Top       ; Output Port   ; n/a      ;                                            ;
;     -- LEDR[9]              ; Top       ; Output Pad    ; Unplaced ; Synthesized                                ;
;     -- LEDR[9]~output       ; Top       ; Output Buffer ; Unplaced ; Synthesized                                ;
;                             ;           ;               ;          ;                                            ;
; MAX10_CLK1_50               ; Top       ; Input Port    ; n/a      ;                                            ;
;     -- MAX10_CLK1_50        ; Top       ; Input Pad     ; Unplaced ; Synthesized                                ;
;     -- MAX10_CLK1_50~input  ; Top       ; Input Buffer  ; Unplaced ; Synthesized                                ;
;                             ;           ;               ;          ;                                            ;
; MAX10_CLK2_50               ; Top       ; Input Port    ; n/a      ;                                            ;
;     -- MAX10_CLK2_50        ; Top       ; Input Pad     ; Unplaced ; Synthesized                                ;
;     -- MAX10_CLK2_50~input  ; Top       ; Input Buffer  ; Unplaced ; Synthesized                                ;
;                             ;           ;               ;          ;                                            ;
; SW[0]                       ; Top       ; Input Port    ; n/a      ;                                            ;
;     -- SW[0]                ; Top       ; Input Pad     ; Unplaced ; Synthesized                                ;
;     -- SW[0]~input          ; Top       ; Input Buffer  ; Unplaced ; Synthesized                                ;
;                             ;           ;               ;          ;                                            ;
; SW[1]                       ; Top       ; Input Port    ; n/a      ;                                            ;
;     -- SW[1]                ; Top       ; Input Pad     ; Unplaced ; Synthesized                                ;
;     -- SW[1]~input          ; Top       ; Input Buffer  ; Unplaced ; Synthesized                                ;
;                             ;           ;               ;          ;                                            ;
; SW[2]                       ; Top       ; Input Port    ; n/a      ;                                            ;
;     -- SW[2]                ; Top       ; Input Pad     ; Unplaced ; Synthesized                                ;
;     -- SW[2]~input          ; Top       ; Input Buffer  ; Unplaced ; Synthesized                                ;
;                             ;           ;               ;          ;                                            ;
; SW[3]                       ; Top       ; Input Port    ; n/a      ;                                            ;
;     -- SW[3]                ; Top       ; Input Pad     ; Unplaced ; Synthesized                                ;
;     -- SW[3]~input          ; Top       ; Input Buffer  ; Unplaced ; Synthesized                                ;
;                             ;           ;               ;          ;                                            ;
; SW[4]                       ; Top       ; Input Port    ; n/a      ;                                            ;
;     -- SW[4]                ; Top       ; Input Pad     ; Unplaced ; Synthesized                                ;
;     -- SW[4]~input          ; Top       ; Input Buffer  ; Unplaced ; Synthesized                                ;
;                             ;           ;               ;          ;                                            ;
; SW[5]                       ; Top       ; Input Port    ; n/a      ;                                            ;
;     -- SW[5]                ; Top       ; Input Pad     ; Unplaced ; Synthesized                                ;
;     -- SW[5]~input          ; Top       ; Input Buffer  ; Unplaced ; Synthesized                                ;
;                             ;           ;               ;          ;                                            ;
; SW[6]                       ; Top       ; Input Port    ; n/a      ;                                            ;
;     -- SW[6]                ; Top       ; Input Pad     ; Unplaced ; Synthesized                                ;
;     -- SW[6]~input          ; Top       ; Input Buffer  ; Unplaced ; Synthesized                                ;
;                             ;           ;               ;          ;                                            ;
; SW[7]                       ; Top       ; Input Port    ; n/a      ;                                            ;
;     -- SW[7]                ; Top       ; Input Pad     ; Unplaced ; Synthesized                                ;
;     -- SW[7]~input          ; Top       ; Input Buffer  ; Unplaced ; Synthesized                                ;
;                             ;           ;               ;          ;                                            ;
; SW[8]                       ; Top       ; Input Port    ; n/a      ;                                            ;
;     -- SW[8]                ; Top       ; Input Pad     ; Unplaced ; Synthesized                                ;
;     -- SW[8]~input          ; Top       ; Input Buffer  ; Unplaced ; Synthesized                                ;
;                             ;           ;               ;          ;                                            ;
; SW[9]                       ; Top       ; Input Port    ; n/a      ;                                            ;
;     -- SW[9]                ; Top       ; Input Pad     ; Unplaced ; Synthesized                                ;
;     -- SW[9]~input          ; Top       ; Input Buffer  ; Unplaced ; Synthesized                                ;
;                             ;           ;               ;          ;                                            ;
; VGA_B[0]                    ; Top       ; Output Port   ; n/a      ;                                            ;
;     -- VGA_B[0]             ; Top       ; Output Pad    ; Unplaced ; Synthesized                                ;
;     -- VGA_B[0]~output      ; Top       ; Output Buffer ; Unplaced ; Synthesized                                ;
;                             ;           ;               ;          ;                                            ;
; VGA_B[1]                    ; Top       ; Output Port   ; n/a      ;                                            ;
;     -- VGA_B[1]             ; Top       ; Output Pad    ; Unplaced ; Synthesized                                ;
;     -- VGA_B[1]~output      ; Top       ; Output Buffer ; Unplaced ; Synthesized                                ;
;                             ;           ;               ;          ;                                            ;
; VGA_B[2]                    ; Top       ; Output Port   ; n/a      ;                                            ;
;     -- VGA_B[2]             ; Top       ; Output Pad    ; Unplaced ; Synthesized                                ;
;     -- VGA_B[2]~output      ; Top       ; Output Buffer ; Unplaced ; Synthesized                                ;
;                             ;           ;               ;          ;                                            ;
; VGA_B[3]                    ; Top       ; Output Port   ; n/a      ;                                            ;
;     -- VGA_B[3]             ; Top       ; Output Pad    ; Unplaced ; Synthesized                                ;
;     -- VGA_B[3]~output      ; Top       ; Output Buffer ; Unplaced ; Synthesized                                ;
;                             ;           ;               ;          ;                                            ;
; VGA_G[0]                    ; Top       ; Output Port   ; n/a      ;                                            ;
;     -- VGA_G[0]             ; Top       ; Output Pad    ; Unplaced ; Synthesized                                ;
;     -- VGA_G[0]~output      ; Top       ; Output Buffer ; Unplaced ; Synthesized                                ;
;                             ;           ;               ;          ;                                            ;
; VGA_G[1]                    ; Top       ; Output Port   ; n/a      ;                                            ;
;     -- VGA_G[1]             ; Top       ; Output Pad    ; Unplaced ; Synthesized                                ;
;     -- VGA_G[1]~output      ; Top       ; Output Buffer ; Unplaced ; Synthesized                                ;
;                             ;           ;               ;          ;                                            ;
; VGA_G[2]                    ; Top       ; Output Port   ; n/a      ;                                            ;
;     -- VGA_G[2]             ; Top       ; Output Pad    ; Unplaced ; Synthesized                                ;
;     -- VGA_G[2]~output      ; Top       ; Output Buffer ; Unplaced ; Synthesized                                ;
;                             ;           ;               ;          ;                                            ;
; VGA_G[3]                    ; Top       ; Output Port   ; n/a      ;                                            ;
;     -- VGA_G[3]             ; Top       ; Output Pad    ; Unplaced ; Synthesized                                ;
;     -- VGA_G[3]~output      ; Top       ; Output Buffer ; Unplaced ; Synthesized                                ;
;                             ;           ;               ;          ;                                            ;
; VGA_HS                      ; Top       ; Output Port   ; n/a      ;                                            ;
;     -- VGA_HS               ; Top       ; Output Pad    ; Unplaced ; Synthesized                                ;
;     -- VGA_HS~output        ; Top       ; Output Buffer ; Unplaced ; Synthesized                                ;
;                             ;           ;               ;          ;                                            ;
; VGA_R[0]                    ; Top       ; Output Port   ; n/a      ;                                            ;
;     -- VGA_R[0]             ; Top       ; Output Pad    ; Unplaced ; Synthesized                                ;
;     -- VGA_R[0]~output      ; Top       ; Output Buffer ; Unplaced ; Synthesized                                ;
;                             ;           ;               ;          ;                                            ;
; VGA_R[1]                    ; Top       ; Output Port   ; n/a      ;                                            ;
;     -- VGA_R[1]             ; Top       ; Output Pad    ; Unplaced ; Synthesized                                ;
;     -- VGA_R[1]~output      ; Top       ; Output Buffer ; Unplaced ; Synthesized                                ;
;                             ;           ;               ;          ;                                            ;
; VGA_R[2]                    ; Top       ; Output Port   ; n/a      ;                                            ;
;     -- VGA_R[2]             ; Top       ; Output Pad    ; Unplaced ; Synthesized                                ;
;     -- VGA_R[2]~output      ; Top       ; Output Buffer ; Unplaced ; Synthesized                                ;
;                             ;           ;               ;          ;                                            ;
; VGA_R[3]                    ; Top       ; Output Port   ; n/a      ;                                            ;
;     -- VGA_R[3]             ; Top       ; Output Pad    ; Unplaced ; Synthesized                                ;
;     -- VGA_R[3]~output      ; Top       ; Output Buffer ; Unplaced ; Synthesized                                ;
;                             ;           ;               ;          ;                                            ;
; VGA_VS                      ; Top       ; Output Port   ; n/a      ;                                            ;
;     -- VGA_VS               ; Top       ; Output Pad    ; Unplaced ; Synthesized                                ;
;     -- VGA_VS~output        ; Top       ; Output Buffer ; Unplaced ; Synthesized                                ;
;                             ;           ;               ;          ;                                            ;
+-----------------------------+-----------+---------------+----------+--------------------------------------------+


+------------------------------------------------------------------------------+
; Partition Merge Resource Usage Summary                                       ;
+---------------------------------------------+--------------------------------+
; Resource                                    ; Usage                          ;
+---------------------------------------------+--------------------------------+
; Estimated Total logic elements              ; 159                            ;
;                                             ;                                ;
; Total combinational functions               ; 159                            ;
; Logic element usage by number of LUT inputs ;                                ;
;     -- 4 input functions                    ; 80                             ;
;     -- 3 input functions                    ; 27                             ;
;     -- <=2 input functions                  ; 52                             ;
;                                             ;                                ;
; Logic elements by mode                      ;                                ;
;     -- normal mode                          ; 126                            ;
;     -- arithmetic mode                      ; 33                             ;
;                                             ;                                ;
; Total registers                             ; 49                             ;
;     -- Dedicated logic registers            ; 49                             ;
;     -- I/O registers                        ; 0                              ;
;                                             ;                                ;
; I/O pins                                    ; 126                            ;
; Total memory bits                           ; 98304                          ;
;                                             ;                                ;
; Embedded Multiplier 9-bit elements          ; 0                              ;
;                                             ;                                ;
; Total PLLs                                  ; 1                              ;
;     -- PLLs                                 ; 1                              ;
;                                             ;                                ;
; Maximum fan-out node                        ; pulse_generator:pulsegen|pulse ;
; Maximum fan-out                             ; 45                             ;
; Total fan-out                               ; 1127                           ;
; Average fan-out                             ; 2.25                           ;
+---------------------------------------------+--------------------------------+


+------------------------------------------------------------------------------------------------------------------------------------------------------------------------------------------------------------------------+
; Partition Merge RAM Summary                                                                                                                                                                                            ;
+------------------------------------------------------------------------------------------------------+------+------------------+--------------+--------------+--------------+--------------+-------+-------------------+
; Name                                                                                                 ; Type ; Mode             ; Port A Depth ; Port A Width ; Port B Depth ; Port B Width ; Size  ; MIF               ;
+------------------------------------------------------------------------------------------------------+------+------------------+--------------+--------------+--------------+--------------+-------+-------------------+
; char_ram:char_frame_buffer|altsyncram:altsyncram_component|altsyncram_5tp1:auto_generated|ALTSYNCRAM ; AUTO ; Simple Dual Port ; 4096         ; 16           ; 4096         ; 16           ; 65536 ; example_color.hex ;
; glyph_rom:glyph_rom_inst|altsyncram:altsyncram_component|altsyncram_nf81:auto_generated|ALTSYNCRAM   ; AUTO ; ROM              ; 4096         ; 8            ; --           ; --           ; 32768 ; font.hex          ;
+------------------------------------------------------------------------------------------------------+------+------------------+--------------+--------------+--------------+--------------+-------+-------------------+


+--------------------------+
; Partition Merge Messages ;
+--------------------------+
Info: *******************************************************************
Info: Running Quartus Prime Partition Merge
    Info: Version 19.1.0 Build 670 09/22/2019 SJ Lite Edition
    Info: Processing started: Sat May 02 08:26:13 2020
Info: Command: quartus_cdb --read_settings_files=off --write_settings_files=off DE10_LITE -c DE10_LITE --merge=on
Warning (18236): Number of processors has not been specified which may cause overloading on shared machines.  Set the global assignment NUM_PARALLEL_PROCESSORS in your QSF to an appropriate value for best performance.
Info (35007): Using synthesis netlist for partition "Top"
Info (35002): Resolved and merged 1 partition(s)
Info (16010): Generating hard_block partition "hard_block:auto_generated_inst"
    Info (16011): Adding 1 node(s), including 0 DDIO, 1 PLL, 0 transceiver and 0 LCELL
Warning (15897): PLL "vga_clock:u0|vga_clock_video_pll_0:video_pll_0|altera_up_altpll:video_pll|altpll:PLL_for_DE_Series_Boards|altpll_p8a2:auto_generated|pll1" has parameter compensate_clock set to clock0 but port CLK[0] is not connected File: C:/Users/gabew/Documents/Quartus Prime Projects/vga_ram/db/altpll_p8a2.tdf Line: 28
Warning (15899): PLL "vga_clock:u0|vga_clock_video_pll_0:video_pll_0|altera_up_altpll:video_pll|altpll:PLL_for_DE_Series_Boards|altpll_p8a2:auto_generated|pll1" has parameters clk0_multiply_by and clk0_divide_by specified but port CLK[0] is not connected File: C:/Users/gabew/Documents/Quartus Prime Projects/vga_ram/db/altpll_p8a2.tdf Line: 28
Warning (21074): Design contains 13 input pin(s) that do not drive logic
    Warning (15610): No output dependent on input pin "ADC_CLK_10" File: C:/Users/gabew/Documents/Quartus Prime Projects/vga_ram/de10_lite.v Line: 9
    Warning (15610): No output dependent on input pin "MAX10_CLK2_50" File: C:/Users/gabew/Documents/Quartus Prime Projects/vga_ram/de10_lite.v Line: 12
    Warning (15610): No output dependent on input pin "KEY[1]" File: C:/Users/gabew/Documents/Quartus Prime Projects/vga_ram/de10_lite.v Line: 36
    Warning (15610): No output dependent on input pin "SW[0]" File: C:/Users/gabew/Documents/Quartus Prime Projects/vga_ram/de10_lite.v Line: 42
    Warning (15610): No output dependent on input pin "SW[1]" File: C:/Users/gabew/Documents/Quartus Prime Projects/vga_ram/de10_lite.v Line: 42
    Warning (15610): No output dependent on input pin "SW[2]" File: C:/Users/gabew/Documents/Quartus Prime Projects/vga_ram/de10_lite.v Line: 42
    Warning (15610): No output dependent on input pin "SW[3]" File: C:/Users/gabew/Documents/Quartus Prime Projects/vga_ram/de10_lite.v Line: 42
    Warning (15610): No output dependent on input pin "SW[4]" File: C:/Users/gabew/Documents/Quartus Prime Projects/vga_ram/de10_lite.v Line: 42
    Warning (15610): No output dependent on input pin "SW[5]" File: C:/Users/gabew/Documents/Quartus Prime Projects/vga_ram/de10_lite.v Line: 42
    Warning (15610): No output dependent on input pin "SW[6]" File: C:/Users/gabew/Documents/Quartus Prime Projects/vga_ram/de10_lite.v Line: 42
    Warning (15610): No output dependent on input pin "SW[7]" File: C:/Users/gabew/Documents/Quartus Prime Projects/vga_ram/de10_lite.v Line: 42
    Warning (15610): No output dependent on input pin "SW[8]" File: C:/Users/gabew/Documents/Quartus Prime Projects/vga_ram/de10_lite.v Line: 42
    Warning (15610): No output dependent on input pin "SW[9]" File: C:/Users/gabew/Documents/Quartus Prime Projects/vga_ram/de10_lite.v Line: 42
Info (21057): Implemented 310 device resources after synthesis - the final resource count might be different
    Info (21058): Implemented 15 input pins
    Info (21059): Implemented 95 output pins
    Info (21060): Implemented 16 bidirectional pins
    Info (21061): Implemented 159 logic cells
    Info (21064): Implemented 24 RAM segments
    Info (21065): Implemented 1 PLLs
Info: Quartus Prime Partition Merge was successful. 0 errors, 17 warnings
    Info: Peak virtual memory: 4696 megabytes
    Info: Processing ended: Sat May 02 08:26:15 2020
    Info: Elapsed time: 00:00:02
    Info: Total CPU time (on all processors): 00:00:01


